Archive member included because of file (symbol)

/usr/lib/gcc/arm-none-eabi/4.9.3/libgcc.a(_udivsi3.o)
                              binaries/fs.o (__aeabi_uidiv)
/usr/lib/gcc/arm-none-eabi/4.9.3/libgcc.a(_divsi3.o)
                              binaries/fs.o (__aeabi_idiv)
/usr/lib/gcc/arm-none-eabi/4.9.3/libgcc.a(_dvmd_tls.o)
                              /usr/lib/gcc/arm-none-eabi/4.9.3/libgcc.a(_udivsi3.o) (__aeabi_idiv0)

Allocating common symbols
Common symbol       size              file

netbufpool          0x4               binaries/net.o
readylist           0x2               binaries/ready.o
rfltab              0x5a0             binaries/rflinit.o
sleepq              0x2               binaries/clkinit.o
n                   0x4               binaries/xsh_prodcons.o
intc_vector         0x200             binaries/evec.o
nnames              0x4               binaries/naminit.o
udptab              0x168             binaries/udp.o
minheap             0x4               binaries/meminit.o
marks               0x50              binaries/mark.o
currpid             0x4               binaries/initialize.o
Lf_data             0x20c             binaries/lfsinit.o
porttab             0x2d0             binaries/ptinit.o
ttytab              0x10c             binaries/ttyinit.o
proctab             0x15e0            binaries/initialize.o
eth_a_regs          0x1c              binaries/ethinit.o
prcount             0x4               binaries/initialize.o
dev0_blocks         0x4               binaries/fs.o
lfltab              0xf00             binaries/lflinit.o
block_cache         0x200             binaries/fs.o
f_qsem3             0x4               binaries/xsh_prodcons.o
rdstab              0x8c              binaries/rdsinit.o
ethertab            0x138             binaries/ethinit.o
nsaddr              0x4               binaries/dns.o
NetData             0xa8              binaries/net.o
nmarks              0x4               binaries/mark.o
dev0_blocksize      0x4               binaries/fs.o
Defer               0x8               binaries/resched.o
semtab              0x4b0             binaries/initialize.o
maxheap             0x4               binaries/meminit.o
preempt             0x4               binaries/clkinit.o
buftab              0xf0              binaries/bufinit.o
Rf_data             0x18              binaries/rfsinit.o
fut_sem             0x4               binaries/xsh_prodcons.o
mkmutex             0x4               binaries/mark.o
clktime             0x4               binaries/clkinit.o
f_qsem2             0x4               binaries/xsh_prodcons.o
cpudelay            0x4               binaries/main.o
arpcache            0x180             binaries/arp.o
icmptab             0x230             binaries/icmp.o
nbpools             0x4               binaries/bufinit.o
oft                 0x4c0             binaries/fs.o
queuetab            0x980             binaries/queue.o
dev0_numblocks      0x4               binaries/fs.o
ptnextid            0x4               binaries/ptinit.o
Ram                 0x19000           binaries/raminit.o
f_exclusive         0x4               binaries/xsh_udpclient.o
ipoqueue            0x2c              binaries/ip.o
consumed            0x4               binaries/xsh_prodcons.o
f_qsem1             0x4               binaries/xsh_prodcons.o
memlist             0x8               binaries/initialize.o
produced            0x4               binaries/xsh_prodcons.o
nametab             0x19a0            binaries/naminit.o
ptfree              0x4               binaries/ptinit.o

Memory Configuration

Name             Origin             Length             Attributes
*default*        0x0000000000000000 0xffffffffffffffff

Linker script and memory map

                0x0000000081000000                physbase = 0x81000000
                0x0000000081000000                . = physbase
                0x0000000081000000                . = ALIGN (0x1000)

.text           0x0000000081000000    0x19000
                0x0000000081000000                text = ABSOLUTE (.)
 *(.text .text.*)
 .text          0x0000000081000000       0x4c binaries/start.o
                0x0000000081000000                start
 .text          0x000000008100004c      0x370 binaries/ascdate.o
                0x000000008100004c                ascdate
 .text          0x00000000810003bc      0x17c binaries/bs.o
                0x00000000810003bc                bs_mkdev
                0x0000000081000458                bs_bread
                0x00000000810004c8                bs_bwrite
 .text          0x0000000081000538       0x18 binaries/bufinit.o
                0x0000000081000538                bufinit
 .text          0x0000000081000550       0x70 binaries/chprio.o
                0x0000000081000550                chprio
 .text          0x00000000810005c0       0xf0 binaries/clkhandler.o
                0x00000000810005c0                clkhandler
 .text          0x00000000810006b0       0xd4 binaries/clkinit.o
                0x00000000810006b0                clkinit
 .text          0x0000000081000784       0x5c binaries/close.o
                0x0000000081000784                close
 .text          0x00000000810007e0        0x0 binaries/conf.o
 .text          0x00000000810007e0       0x70 binaries/control.o
                0x00000000810007e0                control
 .text          0x0000000081000850      0x2c4 binaries/create.o
                0x0000000081000850                create
 .text          0x0000000081000b14       0x48 binaries/dequeueFut.o
                0x0000000081000b14                dequeueFut
 .text          0x0000000081000b5c       0x64 binaries/enqueueFut.o
                0x0000000081000b5c                enqueueFut
 .text          0x0000000081000bc0       0xb0 binaries/evec.o
                0x0000000081000bc0                initintc
                0x0000000081000bec                set_evec
                0x0000000081000c2c                irq_dispatch
 .text          0x0000000081000c70       0x10 binaries/exit.o
                0x0000000081000c70                exit
 .text          0x0000000081000c80       0x84 binaries/freebuf.o
                0x0000000081000c80                freebuf
 .text          0x0000000081000d04      0x150 binaries/freemem.o
                0x0000000081000d04                freemem
 .text          0x0000000081000e54      0xe24 binaries/fs.o
                0x0000000081000e54                fs_close
                0x0000000081000ed0                fs_seek
                0x0000000081000f68                fs_read
                0x0000000081001190                fileblock_to_diskblock
                0x00000000810011d0                fs_get_inode_by_num
                0x0000000081001294                fs_open
                0x00000000810013c4                fs_put_inode_by_num
                0x00000000810014ac                fs_setmaskbit
                0x00000000810014f0                fs_create
                0x00000000810016b8                fs_mkfs
                0x000000008100184c                fs_getmaskbit
                0x0000000081001888                get_next_free_block
                0x00000000810018fc                fs_write
                0x0000000081001b8c                fs_clearmaskbit
                0x0000000081001bd0                fs_printfreemask
 .text          0x0000000081001c78      0x100 binaries/future_alloc.o
                0x0000000081001c78                future_alloc
 .text          0x0000000081001d78       0x30 binaries/future_free.o
                0x0000000081001d78                future_free
 .text          0x0000000081001da8      0x16c binaries/future_get.o
                0x0000000081001da8                future_get
 .text          0x0000000081001f14      0x15c binaries/future_set.o
                0x0000000081001f14                future_set
 .text          0x0000000081002070       0x7c binaries/getbuf.o
                0x0000000081002070                getbuf
 .text          0x00000000810020ec       0x5c binaries/getc.o
                0x00000000810020ec                getc
 .text          0x0000000081002148       0x68 binaries/getdev.o
                0x0000000081002148                getdev
 .text          0x00000000810021b0       0xa0 binaries/getitem.o
                0x00000000810021b0                getitem
                0x00000000810021e0                getfirst
                0x0000000081002214                getlast
 .text          0x0000000081002250      0x108 binaries/getmem.o
                0x0000000081002250                getmem
 .text          0x0000000081002358       0x10 binaries/getpid.o
                0x0000000081002358                getpid
 .text          0x0000000081002368       0x5c binaries/getprio.o
                0x0000000081002368                getprio
 .text          0x00000000810023c4       0xd0 binaries/getstk.o
                0x00000000810023c4                getstk
 .text          0x0000000081002494       0x38 binaries/gettime.o
                0x0000000081002494                gettime
 .text          0x00000000810024cc      0x1c8 binaries/getutime.o
                0x00000000810024cc                getutime
 .text          0x0000000081002694       0x5c binaries/init.o
                0x0000000081002694                init
 .text          0x00000000810026f0      0x2f8 binaries/initialize.o
                0x00000000810026f0                nulluser
                0x0000000081002988                stop
                0x00000000810029ac                delay
 .text          0x00000000810029e8       0xc0 binaries/insert.o
                0x00000000810029e8                insert
 .text          0x0000000081002aa8      0x12c binaries/insertd.o
                0x0000000081002aa8                insertd
 .text          0x0000000081002bd4        0x8 binaries/ioerr.o
                0x0000000081002bd4                ioerr
 .text          0x0000000081002bdc        0x8 binaries/ionull.o
                0x0000000081002bdc                ionull
 .text          0x0000000081002be4      0x1e4 binaries/kill.o
                0x0000000081002be4                kill
 .text          0x0000000081002dc8       0xb4 binaries/kprintf.o
                0x0000000081002dc8                kputc
                0x0000000081002e08                kgetc
                0x0000000081002e3c                kprintf
 .text          0x0000000081002e7c      0x118 binaries/main.o
                0x0000000081002e7c                counterproc
                0x0000000081002eb8                main
 .text          0x0000000081002f94       0xd0 binaries/mark.o
                0x0000000081002f94                markinit
                0x0000000081002fc0                mark
 .text          0x0000000081003064       0x44 binaries/meminit.o
                0x0000000081003064                meminit
 .text          0x00000000810030a8      0x138 binaries/mkbufpool.o
                0x00000000810030a8                mkbufpool
 .text          0x00000000810031e0      0x114 binaries/new_getmem.o
                0x00000000810031e0                new_getmem
 .text          0x00000000810032f4      0x104 binaries/new_getstk.o
                0x00000000810032f4                new_getstk
 .text          0x00000000810033f8       0x88 binaries/newqueue.o
                0x00000000810033f8                newqueue
 .text          0x0000000081003480       0x68 binaries/open.o
                0x0000000081003480                open
 .text          0x00000000810034e8       0x20 binaries/panic.o
                0x00000000810034e8                panic
 .text          0x0000000081003508       0x48 binaries/platinit.o
                0x0000000081003508                platinit
 .text          0x0000000081003550       0xa8 binaries/ptclear.o
                0x0000000081003550                _ptclear
 .text          0x00000000810035f8       0x90 binaries/ptcount.o
                0x00000000810035f8                ptcount
 .text          0x0000000081003688      0x100 binaries/ptcreate.o
                0x0000000081003688                ptcreate
 .text          0x0000000081003788       0x70 binaries/ptdelete.o
                0x0000000081003788                ptdelete
 .text          0x00000000810037f8       0xbc binaries/ptinit.o
                0x00000000810037f8                ptinit
 .text          0x00000000810038b4      0x144 binaries/ptrecv.o
                0x00000000810038b4                ptrecv
 .text          0x00000000810039f8       0x6c binaries/ptreset.o
                0x00000000810039f8                ptreset
 .text          0x0000000081003a64      0x15c binaries/ptsend.o
                0x0000000081003a64                ptsend
 .text          0x0000000081003bc0       0x64 binaries/putc.o
                0x0000000081003bc0                putc
 .text          0x0000000081003c24       0xe0 binaries/queue.o
                0x0000000081003c24                enqueue
                0x0000000081003ca8                dequeue
 .text          0x0000000081003d04       0x34 binaries/queue_init.o
                0x0000000081003d04                queue_init
 .text          0x0000000081003d38       0x68 binaries/read.o
                0x0000000081003d38                read
 .text          0x0000000081003da0       0x74 binaries/ready.o
                0x0000000081003da0                ready
 .text          0x0000000081003e14       0x84 binaries/receive.o
                0x0000000081003e14                receive
 .text          0x0000000081003e98       0x64 binaries/recvclr.o
                0x0000000081003e98                recvclr
 .text          0x0000000081003efc       0xe0 binaries/recvtime.o
                0x0000000081003efc                recvtime
 .text          0x0000000081003fdc      0x1d0 binaries/resched.o
                0x0000000081003fdc                resched
                0x00000000810040f8                resched_cntl
 .text          0x00000000810041ac       0x88 binaries/resume.o
                0x00000000810041ac                resume
 .text          0x0000000081004234       0x64 binaries/seek.o
                0x0000000081004234                seek
 .text          0x0000000081004298       0x58 binaries/semcount.o
                0x0000000081004298                semcount
 .text          0x00000000810042f0       0xb8 binaries/semcreate.o
                0x00000000810042f0                semcreate
 .text          0x00000000810043a8       0xc8 binaries/semdelete.o
                0x00000000810043a8                semdelete
 .text          0x0000000081004470       0xb4 binaries/semreset.o
                0x0000000081004470                semreset
 .text          0x0000000081004524       0xc8 binaries/send.o
                0x0000000081004524                send
 .text          0x00000000810045ec       0x98 binaries/signal.o
                0x00000000810045ec                signal
 .text          0x0000000081004684       0xb8 binaries/signaln.o
                0x0000000081004684                signaln
 .text          0x000000008100473c       0xd4 binaries/sleep.o
                0x000000008100473c                sleepms
                0x00000000810047dc                sleep
 .text          0x0000000081004810       0xd0 binaries/suspend.o
                0x0000000081004810                suspend
 .text          0x00000000810048e0       0x84 binaries/traverse.o
                0x00000000810048e0                traverse
 .text          0x0000000081004964       0xa4 binaries/unsleep.o
                0x0000000081004964                unsleep
 .text          0x0000000081004a08       0x10 binaries/userret.o
                0x0000000081004a08                userret
 .text          0x0000000081004a18       0xc4 binaries/wait.o
                0x0000000081004a18                wait
 .text          0x0000000081004adc       0x90 binaries/wakeup.o
                0x0000000081004adc                wakeup
 .text          0x0000000081004b6c       0x68 binaries/write.o
                0x0000000081004b6c                write
 .text          0x0000000081004bd4       0x18 binaries/xdone.o
                0x0000000081004bd4                xdone
 .text          0x0000000081004bec       0x20 binaries/yield.o
                0x0000000081004bec                yield
 .text          0x0000000081004c0c        0xc binaries/abs.o
                0x0000000081004c0c                abs
 .text          0x0000000081004c18      0x130 binaries/atoi.o
                0x0000000081004c18                atoi
 .text          0x0000000081004d48      0x130 binaries/atol.o
                0x0000000081004d48                atol
 .text          0x0000000081004e78       0x20 binaries/bzero.o
                0x0000000081004e78                bzero
 .text          0x0000000081004e98        0x0 binaries/ctype_.o
 .text          0x0000000081004e98      0x968 binaries/doprnt.o
                0x0000000081005088                _doprnt
 .text          0x0000000081005800      0x728 binaries/doscan.o
                0x0000000081005800                _doscan
 .text          0x0000000081005f28      0x8c0 binaries/fdoprnt.o
                0x0000000081005fd8                _fdoprnt
 .text          0x00000000810067e8       0x14 binaries/fgetc.o
                0x00000000810067e8                fgetc
 .text          0x00000000810067fc       0x84 binaries/fgets.o
                0x00000000810067fc                fgets
 .text          0x0000000081006880       0x3c binaries/fprintf.o
                0x0000000081006880                fprintf
 .text          0x00000000810068bc       0x24 binaries/fputc.o
                0x00000000810068bc                fputc
 .text          0x00000000810068e0       0x38 binaries/fputs.o
                0x00000000810068e0                fputs
 .text          0x0000000081006918       0x78 binaries/fscanf.o
                0x000000008100694c                fscanf
 .text          0x0000000081006990       0x2c binaries/getchar.o
                0x0000000081006990                getchar
 .text          0x00000000810069bc        0xc binaries/labs.o
                0x00000000810069bc                labs
 .text          0x00000000810069c8       0x40 binaries/memchr.o
                0x00000000810069c8                memchr
 .text          0x0000000081006a08       0x58 binaries/memcmp.o
                0x0000000081006a08                memcmp
 .text          0x0000000081006a60       0x24 binaries/memcpy.o
                0x0000000081006a60                memcpy
 .text          0x0000000081006a84       0x20 binaries/memset.o
                0x0000000081006a84                memset
 .text          0x0000000081006aa4       0x58 binaries/printf.o
                0x0000000081006aa4                printf
 .text          0x0000000081006afc       0x2c binaries/putchar.o
                0x0000000081006afc                putchar
 .text          0x0000000081006b28      0x238 binaries/qsort.o
                0x0000000081006d40                qsort
 .text          0x0000000081006d60       0x38 binaries/rand.o
                0x0000000081006d60                srand
                0x0000000081006d70                rand
 .text          0x0000000081006d98       0x68 binaries/sprintf.o
                0x0000000081006db0                sprintf
 .text          0x0000000081006e00       0x78 binaries/sscanf.o
                0x0000000081006e34                sscanf
 .text          0x0000000081006e78       0x40 binaries/strchr.o
                0x0000000081006e78                strchr
 .text          0x0000000081006eb8       0x54 binaries/strcmp.o
                0x0000000081006eb8                strcmp
 .text          0x0000000081006f0c       0x1c binaries/strcpy.o
                0x0000000081006f0c                strcpy
 .text          0x0000000081006f28       0x30 binaries/strlen.o
                0x0000000081006f28                strlen
 .text          0x0000000081006f58       0x50 binaries/strncat.o
                0x0000000081006f58                strncat
 .text          0x0000000081006fa8       0x50 binaries/strncmp.o
                0x0000000081006fa8                strncmp
 .text          0x0000000081006ff8       0x80 binaries/strncpy.o
                0x0000000081006ff8                strncpy
 .text          0x0000000081007078       0x50 binaries/strnlen.o
                0x0000000081007078                strnlen
 .text          0x00000000810070c8       0x40 binaries/strrchr.o
                0x00000000810070c8                strrchr
 .text          0x0000000081007108       0xb0 binaries/strstr.o
                0x0000000081007108                strstr
 .text          0x00000000810071b8      0x154 binaries/ttycontrol.o
                0x00000000810071b8                ttycontrol
 .text          0x000000008100730c       0xc8 binaries/ttygetc.o
                0x000000008100730c                ttygetc
 .text          0x00000000810073d4      0x4d4 binaries/ttyhandle_in.o
                0x00000000810074a0                ttyhandle_in
 .text          0x00000000810078a8      0x16c binaries/ttyhandle_out.o
                0x00000000810078a8                ttyhandle_out
 .text          0x0000000081007a14       0xcc binaries/ttyhandler.o
                0x0000000081007a14                ttyhandler
 .text          0x0000000081007ae0      0x144 binaries/ttyinit.o
                0x0000000081007ae0                ttyinit
 .text          0x0000000081007c24        0xc binaries/ttykickout.o
                0x0000000081007c24                ttykickout
 .text          0x0000000081007c30       0x9c binaries/ttyputc.o
                0x0000000081007c30                ttyputc
 .text          0x0000000081007ccc      0x134 binaries/ttyread.o
                0x0000000081007ccc                ttyread
 .text          0x0000000081007e00       0x48 binaries/ttywrite.o
                0x0000000081007e00                ttywrite
 .text          0x0000000081007e48      0x160 binaries/mount.o
                0x0000000081007e48                namlen
                0x0000000081007ea0                mount
 .text          0x0000000081007fa8      0x1c0 binaries/naminit.o
                0x0000000081007fa8                naminit
 .text          0x0000000081008168      0x24c binaries/nammap.o
                0x0000000081008168                namrepl
                0x00000000810082b8                namcpy
                0x0000000081008314                nammap
 .text          0x00000000810083b4       0x40 binaries/namopen.o
                0x00000000810083b4                namopen
 .text          0x00000000810083f4      0x108 binaries/colon2mac.o
                0x00000000810083f4                colon2mac
 .text          0x00000000810084fc       0x44 binaries/ethcontrol.o
                0x00000000810084fc                ethcontrol
 .text          0x0000000081008540      0x178 binaries/ethhandler.o
                0x0000000081008540                ethhandler
 .text          0x00000000810086b8      0x7f8 binaries/ethinit.o
                0x00000000810086b8                eth_phy_read
                0x000000008100871c                eth_phy_write
                0x0000000081008764                eth_phy_reset
                0x00000000810088c4                ethinit
 .text          0x0000000081008eb0       0xf8 binaries/ethread.o
                0x0000000081008eb0                ethread
 .text          0x0000000081008fa8      0x120 binaries/ethwrite.o
                0x0000000081008fa8                ethwrite
 .text          0x00000000810090c8       0x88 binaries/rdsbufalloc.o
                0x00000000810090c8                rdsbufalloc
 .text          0x0000000081009150       0xe8 binaries/rdsclose.o
                0x0000000081009150                rdsclose
 .text          0x0000000081009238      0x1e8 binaries/rdscomm.o
                0x0000000081009238                rdscomm
 .text          0x0000000081009420      0x1b0 binaries/rdscontrol.o
                0x0000000081009420                rdscontrol
 .text          0x00000000810095d0      0x1e0 binaries/rdsinit.o
                0x00000000810095d0                rdsinit
 .text          0x00000000810097b0      0x1a0 binaries/rdsopen.o
                0x00000000810097b0                rdsopen
 .text          0x0000000081009950      0x2d4 binaries/rdsprocess.o
                0x0000000081009950                rdsprocess
 .text          0x0000000081009c24      0x240 binaries/rdsread.o
                0x0000000081009c24                rdsread
 .text          0x0000000081009e64      0x1d0 binaries/rdswrite.o
                0x0000000081009e64                rdswrite
 .text          0x000000008100a034        0x8 binaries/ramclose.o
                0x000000008100a034                ramclose
 .text          0x000000008100a03c       0x3c binaries/raminit.o
                0x000000008100a03c                raminit
 .text          0x000000008100a078        0x8 binaries/ramopen.o
                0x000000008100a078                ramopen
 .text          0x000000008100a080       0x24 binaries/ramread.o
                0x000000008100a080                ramread
 .text          0x000000008100a0a4       0x20 binaries/ramwrite.o
                0x000000008100a0a4                ramwrite
 .text          0x000000008100a0c4       0x94 binaries/lfdballoc.o
                0x000000008100a0c4                lfdballoc
 .text          0x000000008100a158       0x4c binaries/lfdbfree.o
                0x000000008100a158                lfdbfree
 .text          0x000000008100a1a4       0xb8 binaries/lfflush.o
                0x000000008100a1a4                lfflush
 .text          0x000000008100a25c       0xc8 binaries/lfgetmode.o
                0x000000008100a25c                lfgetmode
 .text          0x000000008100a324       0x6c binaries/lfiballoc.o
                0x000000008100a324                lfiballoc
 .text          0x000000008100a390       0x28 binaries/lfibclear.o
                0x000000008100a390                lfibclear
 .text          0x000000008100a3b8       0x64 binaries/lfibget.o
                0x000000008100a3b8                lfibget
 .text          0x000000008100a41c       0x90 binaries/lfibput.o
                0x000000008100a41c                lfibput
 .text          0x000000008100a4ac       0xc4 binaries/lflclose.o
                0x000000008100a4ac                lflclose
 .text          0x000000008100a570       0xc8 binaries/lflcontrol.o
                0x000000008100a570                lflcontrol
 .text          0x000000008100a638      0x10c binaries/lflgetc.o
                0x000000008100a638                lflgetc
 .text          0x000000008100a744       0xd0 binaries/lflinit.o
                0x000000008100a744                lflinit
 .text          0x000000008100a814      0x14c binaries/lflputc.o
                0x000000008100a814                lflputc
 .text          0x000000008100a960       0x70 binaries/lflread.o
                0x000000008100a960                lflread
 .text          0x000000008100a9d0       0xc0 binaries/lflseek.o
                0x000000008100a9d0                lflseek
 .text          0x000000008100aa90       0x50 binaries/lflwrite.o
                0x000000008100aa90                lflwrite
 .text          0x000000008100aae0      0x11c binaries/lfsckfmt.o
                0x000000008100aae0                lfsckfmt
 .text          0x000000008100abfc      0x15c binaries/lfscreate.o
                0x000000008100abfc                lfscreate
 .text          0x000000008100ad58      0x1f0 binaries/lfsetup.o
                0x000000008100ad58                lfsetup
 .text          0x000000008100af48       0x44 binaries/lfsinit.o
                0x000000008100af48                lfsinit
 .text          0x000000008100af8c      0x378 binaries/lfsopen.o
                0x000000008100af8c                lfsopen
 .text          0x000000008100b304      0x110 binaries/lftruncate.o
                0x000000008100b304                lftruncate
 .text          0x000000008100b414       0x7c binaries/rflclose.o
                0x000000008100b414                rflclose
 .text          0x000000008100b490       0x28 binaries/rflgetc.o
                0x000000008100b490                rflgetc
 .text          0x000000008100b4b8       0x88 binaries/rflinit.o
                0x000000008100b4b8                rflinit
 .text          0x000000008100b540       0x2c binaries/rflputc.o
                0x000000008100b540                rflputc
 .text          0x000000008100b56c      0x2c4 binaries/rflread.o
                0x000000008100b56c                rflread
 .text          0x000000008100b830       0x7c binaries/rflseek.o
                0x000000008100b830                rflseek
 .text          0x000000008100b8ac      0x2e0 binaries/rflwrite.o
                0x000000008100b8ac                rflwrite
 .text          0x000000008100bb8c      0x198 binaries/rfscomm.o
                0x000000008100bb8c                rfscomm
 .text          0x000000008100bd24      0x224 binaries/rfscontrol.o
                0x000000008100bd24                rfscontrol
 .text          0x000000008100bf48       0xc8 binaries/rfsgetmode.o
                0x000000008100bf48                rfsgetmode
 .text          0x000000008100c010       0x84 binaries/rfsinit.o
                0x000000008100c010                rfsinit
 .text          0x000000008100c094       0x98 binaries/rfsndmsg.o
                0x000000008100c094                rfsndmsg
 .text          0x000000008100c12c      0x238 binaries/rfsopen.o
                0x000000008100c12c                rfsopen
 .text          0x000000008100c364      0x7e0 binaries/arp.o
                0x000000008100c364                arp_init
                0x000000008100c384                arp_alloc
                0x000000008100c45c                arp_ntoh
                0x000000008100c500                arp_hton
                0x000000008100c5a4                arp_resolve
                0x000000008100c864                arp_in
 .text          0x000000008100cb44      0xd9c binaries/dhcp.o
                0x000000008100cb44                dump_dhcp_msg
                0x000000008100d168                get_dhcp_option_value
                0x000000008100d1c4                build_dhcp_discover
                0x000000008100d2f0                build_dhcp_request
                0x000000008100d49c                getlocalip_boot
                0x000000008100d8a4                getlocalip
 .text          0x000000008100d8e0      0x414 binaries/dns.o
                0x000000008100d8e0                dns_bldq
                0x000000008100d98c                dns_getrname
                0x000000008100da50                dns_geta
                0x000000008100db80                dns_qa
 .text          0x000000008100dcf4      0x108 binaries/dot2ip.o
                0x000000008100dcf4                dot2ip
 .text          0x000000008100ddfc      0x328 binaries/hexdump.o
                0x000000008100ddfc                hexdump
                0x000000008100df48                hexadump
 .text          0x000000008100e124      0x71c binaries/icmp.o
                0x000000008100e124                icmp_init
                0x000000008100e148                icmp_register
                0x000000008100e208                icmp_recv
                0x000000008100e3a8                icmp_mkpkt
                0x000000008100e498                icmp_in
                0x000000008100e624                icmp_send
                0x000000008100e694                icmp_release
                0x000000008100e77c                icmp_cksum
                0x000000008100e7d8                icmp_hton
                0x000000008100e80c                icmp_ntoh
 .text          0x000000008100e840      0x67c binaries/ip.o
                0x000000008100e840                ip_local
                0x000000008100e870                ipcksum
                0x000000008100e8b4                ip_ntoh
                0x000000008100e958                ip_in
                0x000000008100ea88                ip_hton
                0x000000008100eb2c                ip_out
                0x000000008100ebe0                ip_send
                0x000000008100ed10                ipout
                0x000000008100ee20                ip_enqueue
 .text          0x000000008100eebc      0x1c4 binaries/net.o
                0x000000008100eebc                net_init
                0x000000008100efb4                eth_hton
                0x000000008100efc8                eth_ntoh
                0x000000008100efdc                netin
 .text          0x000000008100f080       0xf8 binaries/netstart.o
                0x000000008100f080                netstart
 .text          0x000000008100f178      0x9dc binaries/pdump.o
                0x000000008100f178                pdump
                0x000000008100f704                pdumph
 .text          0x000000008100fb54      0x580 binaries/tftp.o
                0x000000008100fb54                tftp_send1
                0x000000008100fc40                tftpget_mb
                0x00000000810100a0                tftpget
 .text          0x00000000810100d4      0xa20 binaries/udp.o
                0x00000000810100d4                udp_init
                0x00000000810100fc                udp_in
                0x0000000081010230                udp_register
                0x0000000081010334                udp_recv
                0x00000000810104d0                udp_recvaddr
                0x0000000081010688                udp_send
                0x0000000081010830                udp_sendto
                0x000000008101099c                udp_release
                0x0000000081010a8c                udp_ntoh
                0x0000000081010ac0                udp_hton
 .text          0x0000000081010af4      0x13c binaries/addargs.o
                0x0000000081010af4                addargs
 .text          0x0000000081010c30      0x28c binaries/lexan.o
                0x0000000081010c30                lexan
 .text          0x0000000081010ebc      0x68c binaries/shell.o
                0x0000000081010ebc                shell
 .text          0x0000000081011548       0x64 binaries/xsh_argecho.o
                0x0000000081011548                xsh_argecho
 .text          0x00000000810115ac      0x208 binaries/xsh_arp.o
                0x00000000810115ac                xsh_arp
 .text          0x00000000810117b4      0x234 binaries/xsh_cat.o
                0x00000000810117b4                xsh_cat
 .text          0x00000000810119e8      0x23c binaries/xsh_chat.o
                0x00000000810119e8                xsh_chat
 .text          0x0000000081011c24       0x5c binaries/xsh_clear.o
                0x0000000081011c24                xsh_clear
 .text          0x0000000081011c80      0x29c binaries/xsh_date.o
                0x0000000081011c80                xsh_date
 .text          0x0000000081011f1c       0x98 binaries/xsh_devdump.o
                0x0000000081011f1c                xsh_devdump
 .text          0x0000000081011fb4       0x68 binaries/xsh_echo.o
                0x0000000081011fb4                xsh_echo
 .text          0x000000008101201c        0x8 binaries/xsh_exit.o
                0x000000008101201c                xsh_exit
 .text          0x0000000081012024      0x438 binaries/xsh_fstest.o
                0x0000000081012024                testbitmask
                0x00000000810121d4                xsh_fstest
 .text          0x000000008101245c       0xf0 binaries/xsh_hello.o
                0x000000008101245c                xsh_hello
 .text          0x000000008101254c      0x3b8 binaries/xsh_help.o
                0x000000008101254c                xsh_help
 .text          0x0000000081012904      0x354 binaries/xsh_ipaddr.o
                0x0000000081012904                xsh_ipaddr
 .text          0x0000000081012c58      0x1fc binaries/xsh_kill.o
                0x0000000081012c58                xsh_kill
 .text          0x0000000081012e54      0x2ac binaries/xsh_led.o
                0x0000000081012e54                xsh_led
 .text          0x0000000081013100       0x74 binaries/xsh_memcmp.o
                0x0000000081013100                xsh_memcmp
 .text          0x0000000081013174      0x434 binaries/xsh_memdump.o
                0x0000000081013268                xsh_memdump
 .text          0x00000000810135a8      0x224 binaries/xsh_memstat.o
                0x00000000810135a8                xsh_memstat
 .text          0x00000000810137cc      0x3b8 binaries/xsh_ping.o
                0x00000000810137cc                xsh_ping
 .text          0x0000000081013b84      0x420 binaries/xsh_prodcons.o
                0x0000000081013b84                xsh_prodcons
 .text          0x0000000081013fa4      0x220 binaries/xsh_ps.o
                0x0000000081013fa4                xsh_ps
 .text          0x00000000810141c4       0xe0 binaries/xsh_reset.o
                0x00000000810141c4                xsh_reset
 .text          0x00000000810142a4      0x1d4 binaries/xsh_sleep.o
                0x00000000810142a4                xsh_sleep
 .text          0x0000000081014478       0x68 binaries/xsh_traversal.o
                0x0000000081014478                xsh_traversal
 .text          0x00000000810144e0       0x7c binaries/xsh_udpclient.o
                0x00000000810144e0                xsh_udpclient
 .text          0x000000008101455c      0x244 binaries/xsh_udpdump.o
                0x000000008101455c                xsh_udpdump
 .text          0x00000000810147a0      0x3fc binaries/xsh_udpecho.o
                0x00000000810147a0                xsh_udpecho
 .text          0x0000000081014b9c      0x250 binaries/xsh_udpeserver.o
                0x0000000081014b9c                xsh_udpeserver
 .text          0x0000000081014dec      0x1b4 binaries/xsh_uptime.o
                0x0000000081014dec                xsh_uptime
 .text          0x0000000081014fa0       0x60 binaries/consumer.o
                0x0000000081014fa0                consumer
 .text          0x0000000081015000       0x3c binaries/future_cons.o
                0x0000000081015000                future_cons
 .text          0x000000008101503c      0x37c binaries/future_prod.o
                0x000000008101503c                echo_client
                0x0000000081015388                future_prod
 .text          0x00000000810153b8       0x68 binaries/producer.o
                0x00000000810153b8                producer
 .text          0x0000000081015420       0x2c binaries/ctxsw.o
                0x0000000081015420                ctxsw
 .text          0x000000008101544c      0x100 binaries/intr.o
                0x000000008101544c                disable
                0x0000000081015458                restore
                0x000000008101547c                enable
                0x0000000081015484                pause
                0x0000000081015484                halt
                0x000000008101548c                irq_except
                0x00000000810154bc                initevec
                0x000000008101551c                expjmpinstr
 .text          0x000000008101554c      0x114 /usr/lib/gcc/arm-none-eabi/4.9.3/libgcc.a(_udivsi3.o)
                0x000000008101554c                __udivsi3
                0x000000008101554c                __aeabi_uidiv
                0x0000000081015640                __aeabi_uidivmod
 .text          0x0000000081015660      0x148 /usr/lib/gcc/arm-none-eabi/4.9.3/libgcc.a(_divsi3.o)
                0x0000000081015660                __aeabi_idiv
                0x0000000081015660                __divsi3
                0x0000000081015788                __aeabi_idivmod
 .text          0x00000000810157a8        0x4 /usr/lib/gcc/arm-none-eabi/4.9.3/libgcc.a(_dvmd_tls.o)
                0x00000000810157a8                __aeabi_ldiv0
                0x00000000810157a8                __aeabi_idiv0
 *(.rodata .rodata.*)
 .rodata.str1.4
                0x00000000810157ac       0x78 binaries/ascdate.o
 .rodata.str1.4
                0x0000000081015824       0x50 binaries/bs.o
 .rodata.str1.4
                0x0000000081015874       0xcb binaries/conf.o
 *fill*         0x000000008101593f        0x1 
 .rodata.str1.4
                0x0000000081015940       0x18 binaries/enqueueFut.o
 .rodata.str1.4
                0x0000000081015958      0x27e binaries/fs.o
                                        0x29a (size before relaxing)
 *fill*         0x0000000081015bd6        0x2 
 .rodata.str1.4
                0x0000000081015bd8       0x32 binaries/future_alloc.o
 *fill*         0x0000000081015c0a        0x2 
 .rodata.str1.4
                0x0000000081015c0c       0x39 binaries/future_get.o
 *fill*         0x0000000081015c45        0x3 
 .rodata.str1.4
                0x0000000081015c48       0x60 binaries/getutime.o
 .rodata.str1.4
                0x0000000081015ca8      0x16c binaries/initialize.o
                                        0x170 (size before relaxing)
 .rodata.str1.4
                0x0000000081015e14       0x62 binaries/main.o
 *fill*         0x0000000081015e76        0x2 
 .rodata.str1.4
                0x0000000081015e78        0xd binaries/new_getmem.o
 *fill*         0x0000000081015e85        0x3 
 .rodata.str1.4
                0x0000000081015e88       0x10 binaries/panic.o
 .rodata.str1.4
                0x0000000081015e98       0x1c binaries/ptinit.o
 .rodata.str1.4
                0x0000000081015eb4       0x25 binaries/ptsend.o
 *fill*         0x0000000081015ed9        0x3 
 .rodata.str1.4
                0x0000000081015edc       0x58 binaries/traverse.o
 .rodata.str1.4
                0x0000000081015f34       0x27 binaries/xdone.o
 *fill*         0x0000000081015f5b        0x1 
 .rodata        0x0000000081015f5c       0x81 binaries/ctype_.o
                0x0000000081015f5c                _ctype_
 *fill*         0x0000000081015fdd        0x3 
 .rodata.str1.4
                0x0000000081015fe0       0x2f binaries/doprnt.o
 .rodata.str1.4
                0x0000000000000000       0x2d binaries/fdoprnt.o
 *fill*         0x000000008101600f        0x1 
 .rodata.str1.4
                0x0000000081016010       0x86 binaries/naminit.o
                                         0x8e (size before relaxing)
 *fill*         0x0000000081016096        0x2 
 .rodata.str1.4
                0x0000000081016098       0xe5 binaries/ethinit.o
 *fill*         0x000000008101617d        0x3 
 .rodata.str1.4
                0x0000000081016180       0x12 binaries/ethread.o
 *fill*         0x0000000081016192        0x2 
 .rodata.str1.4
                0x0000000081016194       0x2c binaries/rdsbufalloc.o
 .rodata.str1.4
                0x00000000810161c0       0x76 binaries/rdscomm.o
 *fill*         0x0000000081016236        0x2 
 .rodata.str1.4
                0x0000000081016238       0x48 binaries/rdscontrol.o
 .rodata.str1.4
                0x0000000081016280       0x96 binaries/rdsinit.o
 *fill*         0x0000000081016316        0x2 
 .rodata.str1.4
                0x0000000081016318       0x22 binaries/rdsopen.o
 *fill*         0x000000008101633a        0x2 
 .rodata.str1.4
                0x000000008101633c       0x4d binaries/rdsprocess.o
 *fill*         0x0000000081016389        0x3 
 .rodata.str1.4
                0x000000008101638c        0x9 binaries/raminit.o
 *fill*         0x0000000081016395        0x3 
 .rodata.str1.4
                0x0000000081016398       0x37 binaries/lfdballoc.o
 *fill*         0x00000000810163cf        0x1 
 .rodata.str1.4
                0x00000000810163d0       0x14 binaries/lfiballoc.o
 .rodata.str1.4
                0x00000000810163e4       0x23 binaries/lflcontrol.o
 *fill*         0x0000000081016407        0x1 
 .rodata.str1.4
                0x0000000081016408       0xbb binaries/lfsckfmt.o
 *fill*         0x00000000810164c3        0x1 
 .rodata.str1.4
                0x00000000810164c4       0x21 binaries/rflread.o
 .rodata.str1.4
                0x0000000000000000       0x21 binaries/rflwrite.o
 *fill*         0x00000000810164e5        0x3 
 .rodata.str1.4
                0x00000000810164e8       0x75 binaries/rfscomm.o
 *fill*         0x000000008101655d        0x3 
 .rodata.str1.4
                0x0000000081016560       0x23 binaries/rfscontrol.o
 *fill*         0x0000000081016583        0x1 
 .rodata.str1.4
                0x0000000081016584       0x63 binaries/rfsinit.o
 *fill*         0x00000000810165e7        0x1 
 .rodata.str1.4
                0x00000000810165e8       0x2a binaries/rfsndmsg.o
 .rodata.str1.4
                0x0000000000000000       0x22 binaries/rfsopen.o
 *fill*         0x0000000081016612        0x2 
 .rodata.str1.4
                0x0000000081016614       0x3d binaries/arp.o
 *fill*         0x0000000081016651        0x3 
 .rodata.str1.4
                0x0000000081016654      0x462 binaries/dhcp.o
                                        0x466 (size before relaxing)
 *fill*         0x0000000081016ab6        0x2 
 .rodata.str1.4
                0x0000000081016ab8       0xca binaries/hexdump.o
                                         0xd6 (size before relaxing)
 *fill*         0x0000000081016b82        0x2 
 .rodata.str1.4
                0x0000000081016b84       0x29 binaries/icmp.o
 *fill*         0x0000000081016bad        0x3 
 .rodata.str1.4
                0x0000000081016bb0       0x52 binaries/ip.o
 *fill*         0x0000000081016c02        0x2 
 .rodata.str1.4
                0x0000000081016c04       0x53 binaries/net.o
 *fill*         0x0000000081016c57        0x1 
 .rodata.str1.4
                0x0000000081016c58       0x8f binaries/netstart.o
 *fill*         0x0000000081016ce7        0x1 
 .rodata.str1.4
                0x0000000081016ce8      0x292 binaries/pdump.o
                                        0x296 (size before relaxing)
 *fill*         0x0000000081016f7a        0x2 
 .rodata.str1.4
                0x0000000081016f7c      0x178 binaries/tftp.o
                                        0x17c (size before relaxing)
 .rodata        0x00000000810170f4      0x15c binaries/shell.o
                0x00000000810170f4                cmdtab
 .rodata.str1.4
                0x0000000081017250      0x337 binaries/shell.o
                                        0x33f (size before relaxing)
 *fill*         0x0000000081017587        0x1 
 .rodata.str1.4
                0x0000000081017588       0x29 binaries/xsh_argecho.o
                                         0x2e (size before relaxing)
 *fill*         0x00000000810175b1        0x3 
 .rodata.str1.4
                0x00000000810175b4      0x16d binaries/xsh_arp.o
                                        0x171 (size before relaxing)
 *fill*         0x0000000081017721        0x3 
 .rodata.str1.4
                0x0000000081017724       0x81 binaries/xsh_cat.o
                                         0xd1 (size before relaxing)
 *fill*         0x00000000810177a5        0x3 
 .rodata.str1.4
                0x00000000810177a8      0x126 binaries/xsh_chat.o
                                        0x146 (size before relaxing)
 *fill*         0x00000000810178ce        0x2 
 .rodata.str1.4
                0x00000000810178d0       0x15 binaries/xsh_clear.o
 *fill*         0x00000000810178e5        0x3 
 .rodata.str1.4
                0x00000000810178e8      0x12b binaries/xsh_date.o
                                        0x1cb (size before relaxing)
 *fill*         0x0000000081017a13        0x1 
 .rodata.str1.4
                0x0000000081017a14       0x61 binaries/xsh_devdump.o
 *fill*         0x0000000081017a75        0x3 
 .rodata.str1.4
                0x0000000081017a78        0x8 binaries/xsh_echo.o
                                          0xa (size before relaxing)
 .rodata.str1.4
                0x0000000081017a80       0x83 binaries/xsh_fstest.o
                                        0x117 (size before relaxing)
 *fill*         0x0000000081017b03        0x1 
 .rodata.str1.4
                0x0000000081017b04       0x29 binaries/xsh_hello.o
                                         0x81 (size before relaxing)
 *fill*         0x0000000081017b2d        0x3 
 .rodata.str1.4
                0x0000000081017b30       0xe7 binaries/xsh_help.o
                                        0x17a (size before relaxing)
 *fill*         0x0000000081017c17        0x1 
 .rodata.str1.4
                0x0000000081017c18       0xfb binaries/xsh_ipaddr.o
                                        0x1ab (size before relaxing)
 *fill*         0x0000000081017d13        0x1 
 .rodata.str1.4
                0x0000000081017d14       0xc8 binaries/xsh_kill.o
                                        0x136 (size before relaxing)
 .rodata.str1.4
                0x0000000081017ddc       0xf7 binaries/xsh_led.o
                                        0x16b (size before relaxing)
 *fill*         0x0000000081017ed3        0x1 
 .rodata.str1.4
                0x0000000081017ed4       0x39 binaries/xsh_memcmp.o
 *fill*         0x0000000081017f0d        0x3 
 .rodata.str1.4
                0x0000000081017f10      0x1ca binaries/xsh_memdump.o
                                        0x262 (size before relaxing)
 *fill*         0x00000000810180da        0x2 
 .rodata.str1.4
                0x00000000810180dc      0x1cc binaries/xsh_memstat.o
                                        0x232 (size before relaxing)
 .rodata.str1.4
                0x00000000810182a8      0x13f binaries/xsh_ping.o
                                        0x1b2 (size before relaxing)
 *fill*         0x00000000810183e7        0x1 
 .rodata.str1.4
                0x00000000810183e8       0xcd binaries/xsh_prodcons.o
                                         0xd6 (size before relaxing)
 *fill*         0x00000000810184b5        0x3 
 .rodata        0x00000000810184b8       0x20 binaries/xsh_ps.o
 .rodata.str1.4
                0x00000000810184d8      0x11a binaries/xsh_ps.o
                                        0x1d2 (size before relaxing)
 *fill*         0x00000000810185f2        0x2 
 .rodata.str1.4
                0x00000000810185f4       0x26 binaries/xsh_reset.o
                                         0xae (size before relaxing)
 *fill*         0x000000008101861a        0x2 
 .rodata.str1.4
                0x000000008101861c       0x5e binaries/xsh_sleep.o
                                         0xf6 (size before relaxing)
 *fill*         0x000000008101867a        0x2 
 .rodata.str1.4
                0x000000008101867c       0x61 binaries/xsh_traversal.o
 .rodata.str1.4
                0x0000000000000000        0xf binaries/xsh_udpclient.o
 *fill*         0x00000000810186dd        0x3 
 .rodata        0x00000000810186e0        0xc binaries/xsh_udpdump.o
 .rodata.str1.4
                0x00000000810186ec      0x122 binaries/xsh_udpdump.o
                                        0x1de (size before relaxing)
 *fill*         0x000000008101880e        0x2 
 .rodata.str1.4
                0x0000000081018810      0x1ae binaries/xsh_udpecho.o
                                        0x222 (size before relaxing)
 *fill*         0x00000000810189be        0x2 
 .rodata.str1.4
                0x00000000810189c0       0x97 binaries/xsh_udpeserver.o
                                        0x13b (size before relaxing)
 *fill*         0x0000000081018a57        0x1 
 .rodata.str1.4
                0x0000000081018a58       0x77 binaries/xsh_uptime.o
                                        0x112 (size before relaxing)
 *fill*         0x0000000081018acf        0x1 
 .rodata.str1.4
                0x0000000081018ad0       0x1f binaries/consumer.o
 *fill*         0x0000000081018aef        0x1 
 .rodata.str1.4
                0x0000000081018af0       0x10 binaries/future_cons.o
 .rodata.str1.4
                0x0000000081018b00        0xe binaries/future_prod.o
                                        0x116 (size before relaxing)
 *fill*         0x0000000081018b0e        0x2 
 .rodata.str1.4
                0x0000000081018b10       0x20 binaries/producer.o
                                         0x1f (size before relaxing)
                0x0000000081018b30                etext = ABSOLUTE (.)
                0x0000000081019000                . = ALIGN (0x1000)
 *fill*         0x0000000081018b30      0x4d0 

.glue_7         0x0000000081019000        0x0
 .glue_7        0x0000000000000000        0x0 linker stubs

.glue_7t        0x0000000081019000        0x0
 .glue_7t       0x0000000000000000        0x0 linker stubs

.vfp11_veneer   0x0000000081019000        0x0
 .vfp11_veneer  0x0000000000000000        0x0 linker stubs

.v4_bx          0x0000000081019000        0x0
 .v4_bx         0x0000000000000000        0x0 linker stubs

.iplt           0x0000000081019000        0x0
 .iplt          0x0000000000000000        0x0 binaries/start.o

.rel.dyn        0x0000000081019000        0x0
 .rel.iplt      0x0000000000000000        0x0 binaries/start.o

.data           0x0000000081019000     0x1000
                0x0000000081019000                data = ABSOLUTE (.)
 *(.data .data.*)
 .data          0x0000000081019000        0x0 binaries/start.o
 .data          0x0000000081019000       0x88 binaries/ascdate.o
                0x0000000081019000                Date
 .data          0x0000000081019088        0x0 binaries/bs.o
 .data          0x0000000081019088        0x0 binaries/bufinit.o
 .data          0x0000000081019088        0x0 binaries/chprio.o
 .data          0x0000000081019088        0x4 binaries/clkhandler.o
 .data          0x000000008101908c        0x0 binaries/clkinit.o
 .data          0x000000008101908c        0x0 binaries/close.o
 .data          0x000000008101908c      0x5a0 binaries/conf.o
                0x000000008101908c                devtab
 .data          0x000000008101962c        0x0 binaries/control.o
 .data          0x000000008101962c        0x4 binaries/create.o
 .data          0x0000000081019630        0x0 binaries/dequeueFut.o
 .data          0x0000000081019630        0x0 binaries/enqueueFut.o
 .data          0x0000000081019630       0x3d binaries/evec.o
                0x0000000081019630                expmsg2
                0x0000000081019644                expmsg1
 .data          0x000000008101966d        0x0 binaries/exit.o
 .data          0x000000008101966d        0x0 binaries/freebuf.o
 .data          0x000000008101966d        0x0 binaries/freemem.o
 *fill*         0x000000008101966d        0x3 
 .data          0x0000000081019670        0x4 binaries/fs.o
                0x0000000081019670                inode_id
 .data          0x0000000081019674        0x0 binaries/future_alloc.o
 .data          0x0000000081019674        0x0 binaries/future_free.o
 .data          0x0000000081019674        0x0 binaries/future_get.o
 .data          0x0000000081019674        0x0 binaries/future_set.o
 .data          0x0000000081019674        0x0 binaries/getbuf.o
 .data          0x0000000081019674        0x0 binaries/getc.o
 .data          0x0000000081019674        0x0 binaries/getdev.o
 .data          0x0000000081019674        0x0 binaries/getitem.o
 .data          0x0000000081019674        0x0 binaries/getmem.o
 .data          0x0000000081019674        0x0 binaries/getpid.o
 .data          0x0000000081019674        0x0 binaries/getprio.o
 .data          0x0000000081019674        0x0 binaries/getstk.o
 .data          0x0000000081019674        0x0 binaries/gettime.o
 .data          0x0000000081019674        0x0 binaries/getutime.o
 .data          0x0000000081019674        0x0 binaries/init.o
 .data          0x0000000081019674        0x0 binaries/initialize.o
 .data          0x0000000081019674        0x0 binaries/insert.o
 .data          0x0000000081019674        0x0 binaries/insertd.o
 .data          0x0000000081019674        0x0 binaries/ioerr.o
 .data          0x0000000081019674        0x0 binaries/ionull.o
 .data          0x0000000081019674        0x0 binaries/kill.o
 .data          0x0000000081019674        0x0 binaries/kprintf.o
 .data          0x0000000081019674        0x4 binaries/main.o
                0x0000000081019674                gcounter
 .data          0x0000000081019678        0x0 binaries/mark.o
 .data          0x0000000081019678        0x0 binaries/meminit.o
 .data          0x0000000081019678        0x0 binaries/mkbufpool.o
 .data          0x0000000081019678        0x0 binaries/new_getmem.o
 .data          0x0000000081019678        0x0 binaries/new_getstk.o
 .data          0x0000000081019678        0x2 binaries/newqueue.o
 .data          0x000000008101967a        0x0 binaries/open.o
 .data          0x000000008101967a        0x0 binaries/panic.o
 .data          0x000000008101967a        0x0 binaries/platinit.o
 .data          0x000000008101967a        0x0 binaries/ptclear.o
 .data          0x000000008101967a        0x0 binaries/ptcount.o
 .data          0x000000008101967a        0x0 binaries/ptcreate.o
 .data          0x000000008101967a        0x0 binaries/ptdelete.o
 .data          0x000000008101967a        0x0 binaries/ptinit.o
 .data          0x000000008101967a        0x0 binaries/ptrecv.o
 .data          0x000000008101967a        0x0 binaries/ptreset.o
 .data          0x000000008101967a        0x0 binaries/ptsend.o
 .data          0x000000008101967a        0x0 binaries/putc.o
 .data          0x000000008101967a        0x0 binaries/queue.o
 .data          0x000000008101967a        0x0 binaries/queue_init.o
 .data          0x000000008101967a        0x0 binaries/read.o
 .data          0x000000008101967a        0x0 binaries/ready.o
 .data          0x000000008101967a        0x0 binaries/receive.o
 .data          0x000000008101967a        0x0 binaries/recvclr.o
 .data          0x000000008101967a        0x0 binaries/recvtime.o
 .data          0x000000008101967a        0x0 binaries/resched.o
 .data          0x000000008101967a        0x0 binaries/resume.o
 .data          0x000000008101967a        0x0 binaries/seek.o
 .data          0x000000008101967a        0x0 binaries/semcount.o
 .data          0x000000008101967a        0x0 binaries/semcreate.o
 .data          0x000000008101967a        0x0 binaries/semdelete.o
 .data          0x000000008101967a        0x0 binaries/semreset.o
 .data          0x000000008101967a        0x0 binaries/send.o
 .data          0x000000008101967a        0x0 binaries/signal.o
 .data          0x000000008101967a        0x0 binaries/signaln.o
 .data          0x000000008101967a        0x0 binaries/sleep.o
 .data          0x000000008101967a        0x0 binaries/suspend.o
 .data          0x000000008101967a        0x0 binaries/traverse.o
 .data          0x000000008101967a        0x0 binaries/unsleep.o
 .data          0x000000008101967a        0x0 binaries/userret.o
 .data          0x000000008101967a        0x0 binaries/wait.o
 .data          0x000000008101967a        0x0 binaries/wakeup.o
 .data          0x000000008101967a        0x0 binaries/write.o
 .data          0x000000008101967a        0x0 binaries/xdone.o
 .data          0x000000008101967a        0x0 binaries/yield.o
 .data          0x000000008101967a        0x0 binaries/abs.o
 .data          0x000000008101967a        0x0 binaries/atoi.o
 .data          0x000000008101967a        0x0 binaries/atol.o
 .data          0x000000008101967a        0x0 binaries/bzero.o
 .data          0x000000008101967a        0x0 binaries/ctype_.o
 .data          0x000000008101967a        0x0 binaries/doprnt.o
 *fill*         0x000000008101967a        0x2 
 .data          0x000000008101967c       0x80 binaries/doscan.o
                0x000000008101967c                _sctab
 .data          0x00000000810196fc        0x0 binaries/fdoprnt.o
 .data          0x00000000810196fc        0x0 binaries/fgetc.o
 .data          0x00000000810196fc        0x0 binaries/fgets.o
 .data          0x00000000810196fc        0x0 binaries/fprintf.o
 .data          0x00000000810196fc        0x0 binaries/fputc.o
 .data          0x00000000810196fc        0x0 binaries/fputs.o
 .data          0x00000000810196fc        0x0 binaries/fscanf.o
 .data          0x00000000810196fc        0x0 binaries/getchar.o
 .data          0x00000000810196fc        0x0 binaries/labs.o
 .data          0x00000000810196fc        0x0 binaries/memchr.o
 .data          0x00000000810196fc        0x0 binaries/memcmp.o
 .data          0x00000000810196fc        0x0 binaries/memcpy.o
 .data          0x00000000810196fc        0x0 binaries/memset.o
 .data          0x00000000810196fc        0x0 binaries/printf.o
 .data          0x00000000810196fc        0x0 binaries/putchar.o
 .data          0x00000000810196fc        0x0 binaries/qsort.o
 .data          0x00000000810196fc        0x4 binaries/rand.o
 .data          0x0000000081019700        0x0 binaries/sprintf.o
 .data          0x0000000081019700        0x0 binaries/sscanf.o
 .data          0x0000000081019700        0x0 binaries/strchr.o
 .data          0x0000000081019700        0x0 binaries/strcmp.o
 .data          0x0000000081019700        0x0 binaries/strcpy.o
 .data          0x0000000081019700        0x0 binaries/strlen.o
 .data          0x0000000081019700        0x0 binaries/strncat.o
 .data          0x0000000081019700        0x0 binaries/strncmp.o
 .data          0x0000000081019700        0x0 binaries/strncpy.o
 .data          0x0000000081019700        0x0 binaries/strnlen.o
 .data          0x0000000081019700        0x0 binaries/strrchr.o
 .data          0x0000000081019700        0x0 binaries/strstr.o
 .data          0x0000000081019700        0x0 binaries/ttycontrol.o
 .data          0x0000000081019700        0x0 binaries/ttygetc.o
 .data          0x0000000081019700        0x0 binaries/ttyhandle_in.o
 .data          0x0000000081019700        0x0 binaries/ttyhandle_out.o
 .data          0x0000000081019700        0x0 binaries/ttyhandler.o
 .data          0x0000000081019700        0x0 binaries/ttyinit.o
 .data          0x0000000081019700        0x0 binaries/ttykickout.o
 .data          0x0000000081019700        0x0 binaries/ttyputc.o
 .data          0x0000000081019700        0x0 binaries/ttyread.o
 .data          0x0000000081019700        0x0 binaries/ttywrite.o
 .data          0x0000000081019700        0x0 binaries/mount.o
 .data          0x0000000081019700        0x0 binaries/naminit.o
 .data          0x0000000081019700        0x0 binaries/nammap.o
 .data          0x0000000081019700        0x0 binaries/namopen.o
 .data          0x0000000081019700        0x0 binaries/colon2mac.o
 .data          0x0000000081019700        0x0 binaries/ethcontrol.o
 .data          0x0000000081019700        0x0 binaries/ethhandler.o
 .data          0x0000000081019700        0x0 binaries/ethinit.o
 .data          0x0000000081019700        0x0 binaries/ethread.o
 .data          0x0000000081019700        0x0 binaries/ethwrite.o
 .data          0x0000000081019700        0x0 binaries/rdsbufalloc.o
 .data          0x0000000081019700        0x0 binaries/rdsclose.o
 .data          0x0000000081019700        0x0 binaries/rdscomm.o
 .data          0x0000000081019700        0x0 binaries/rdscontrol.o
 .data          0x0000000081019700        0x0 binaries/rdsinit.o
 .data          0x0000000081019700        0x0 binaries/rdsopen.o
 .data          0x0000000081019700        0x0 binaries/rdsprocess.o
 .data          0x0000000081019700        0x0 binaries/rdsread.o
 .data          0x0000000081019700        0x0 binaries/rdswrite.o
 .data          0x0000000081019700        0x0 binaries/ramclose.o
 .data          0x0000000081019700        0x0 binaries/raminit.o
 .data          0x0000000081019700        0x0 binaries/ramopen.o
 .data          0x0000000081019700        0x0 binaries/ramread.o
 .data          0x0000000081019700        0x0 binaries/ramwrite.o
 .data          0x0000000081019700        0x0 binaries/lfdballoc.o
 .data          0x0000000081019700        0x0 binaries/lfdbfree.o
 .data          0x0000000081019700        0x0 binaries/lfflush.o
 .data          0x0000000081019700        0x0 binaries/lfgetmode.o
 .data          0x0000000081019700        0x0 binaries/lfiballoc.o
 .data          0x0000000081019700        0x0 binaries/lfibclear.o
 .data          0x0000000081019700        0x0 binaries/lfibget.o
 .data          0x0000000081019700        0x0 binaries/lfibput.o
 .data          0x0000000081019700        0x0 binaries/lflclose.o
 .data          0x0000000081019700        0x0 binaries/lflcontrol.o
 .data          0x0000000081019700        0x0 binaries/lflgetc.o
 .data          0x0000000081019700        0x0 binaries/lflinit.o
 .data          0x0000000081019700        0x0 binaries/lflputc.o
 .data          0x0000000081019700        0x0 binaries/lflread.o
 .data          0x0000000081019700        0x0 binaries/lflseek.o
 .data          0x0000000081019700        0x0 binaries/lflwrite.o
 .data          0x0000000081019700        0x0 binaries/lfsckfmt.o
 .data          0x0000000081019700        0x0 binaries/lfscreate.o
 .data          0x0000000081019700        0x0 binaries/lfsetup.o
 .data          0x0000000081019700        0x0 binaries/lfsinit.o
 .data          0x0000000081019700        0x0 binaries/lfsopen.o
 .data          0x0000000081019700        0x0 binaries/lftruncate.o
 .data          0x0000000081019700        0x0 binaries/rflclose.o
 .data          0x0000000081019700        0x0 binaries/rflgetc.o
 .data          0x0000000081019700        0x0 binaries/rflinit.o
 .data          0x0000000081019700        0x0 binaries/rflputc.o
 .data          0x0000000081019700        0x0 binaries/rflread.o
 .data          0x0000000081019700        0x0 binaries/rflseek.o
 .data          0x0000000081019700        0x0 binaries/rflwrite.o
 .data          0x0000000081019700        0x0 binaries/rfscomm.o
 .data          0x0000000081019700        0x0 binaries/rfscontrol.o
 .data          0x0000000081019700        0x0 binaries/rfsgetmode.o
 .data          0x0000000081019700        0x0 binaries/rfsinit.o
 .data          0x0000000081019700        0x0 binaries/rfsndmsg.o
 .data          0x0000000081019700        0x0 binaries/rfsopen.o
 .data          0x0000000081019700        0x0 binaries/arp.o
 .data          0x0000000081019700        0x0 binaries/dhcp.o
 .data          0x0000000081019700        0x0 binaries/dns.o
 .data          0x0000000081019700        0x0 binaries/dot2ip.o
 .data          0x0000000081019700        0x0 binaries/hexdump.o
 .data          0x0000000081019700        0x4 binaries/icmp.o
 .data          0x0000000081019704        0x0 binaries/ip.o
 .data          0x0000000081019704        0x0 binaries/net.o
 .data          0x0000000081019704        0x0 binaries/netstart.o
 .data          0x0000000081019704        0x0 binaries/pdump.o
 .data          0x0000000081019704        0x0 binaries/tftp.o
 .data          0x0000000081019704        0x4 binaries/udp.o
 .data          0x0000000081019708        0x0 binaries/addargs.o
 .data          0x0000000081019708        0x0 binaries/lexan.o
 .data          0x0000000081019708        0x4 binaries/shell.o
                0x0000000081019708                ncmd
 .data          0x000000008101970c        0x0 binaries/xsh_argecho.o
 .data          0x000000008101970c        0x0 binaries/xsh_arp.o
 .data          0x000000008101970c        0x0 binaries/xsh_cat.o
 .data          0x000000008101970c        0x0 binaries/xsh_chat.o
 .data          0x000000008101970c        0x0 binaries/xsh_clear.o
 .data          0x000000008101970c        0x0 binaries/xsh_date.o
 .data          0x000000008101970c        0x0 binaries/xsh_devdump.o
 .data          0x000000008101970c        0x0 binaries/xsh_echo.o
 .data          0x000000008101970c        0x0 binaries/xsh_exit.o
 .data          0x000000008101970c        0x0 binaries/xsh_fstest.o
 .data          0x000000008101970c        0x0 binaries/xsh_hello.o
 .data          0x000000008101970c        0x0 binaries/xsh_help.o
 .data          0x000000008101970c        0x0 binaries/xsh_ipaddr.o
 .data          0x000000008101970c        0x0 binaries/xsh_kill.o
 .data          0x000000008101970c        0x0 binaries/xsh_led.o
 .data          0x000000008101970c        0x0 binaries/xsh_memcmp.o
 .data          0x000000008101970c        0x0 binaries/xsh_memdump.o
 .data          0x000000008101970c        0x0 binaries/xsh_memstat.o
 .data          0x000000008101970c        0x0 binaries/xsh_ping.o
 .data          0x000000008101970c        0x0 binaries/xsh_prodcons.o
 .data          0x000000008101970c        0x0 binaries/xsh_ps.o
 .data          0x000000008101970c        0x0 binaries/xsh_reset.o
 .data          0x000000008101970c        0x0 binaries/xsh_sleep.o
 .data          0x000000008101970c        0x0 binaries/xsh_traversal.o
 .data          0x000000008101970c        0x0 binaries/xsh_udpclient.o
 .data          0x000000008101970c        0x0 binaries/xsh_udpdump.o
 .data          0x000000008101970c        0x0 binaries/xsh_udpecho.o
 .data          0x000000008101970c        0x0 binaries/xsh_udpeserver.o
 .data          0x000000008101970c        0x0 binaries/xsh_uptime.o
 .data          0x000000008101970c        0x0 binaries/consumer.o
 .data          0x000000008101970c        0x0 binaries/future_cons.o
 .data          0x000000008101970c        0x0 binaries/future_prod.o
 .data          0x000000008101970c        0x0 binaries/producer.o
 .data          0x000000008101970c        0x0 binaries/ctxsw.o
 .data          0x000000008101970c        0x0 binaries/intr.o
 .data          0x000000008101970c        0x0 /usr/lib/gcc/arm-none-eabi/4.9.3/libgcc.a(_udivsi3.o)
 .data          0x000000008101970c        0x0 /usr/lib/gcc/arm-none-eabi/4.9.3/libgcc.a(_divsi3.o)
 .data          0x000000008101970c        0x0 /usr/lib/gcc/arm-none-eabi/4.9.3/libgcc.a(_dvmd_tls.o)
                0x000000008101970c                edata = ABSOLUTE (.)
                0x000000008101a000                . = ALIGN (0x1000)
 *fill*         0x000000008101970c      0x8f4 

.igot.plt       0x000000008101a000        0x0
 .igot.plt      0x0000000000000000        0x0 binaries/start.o

.bss            0x000000008101a000    0x20000
                0x000000008101a000                bss = ABSOLUTE (.)
 *(.bss .bss.*)
 .bss           0x000000008101a000        0x0 binaries/start.o
 .bss           0x000000008101a000        0x0 binaries/ascdate.o
 .bss           0x000000008101a000        0x4 binaries/bs.o
                0x000000008101a000                dev0
 .bss           0x000000008101a004        0x0 binaries/bufinit.o
 .bss           0x000000008101a004        0x0 binaries/chprio.o
 .bss           0x000000008101a004        0x0 binaries/clkhandler.o
 .bss           0x000000008101a004        0x4 binaries/clkinit.o
                0x000000008101a004                ctr1000
 .bss           0x000000008101a008        0x0 binaries/close.o
 .bss           0x000000008101a008        0x0 binaries/conf.o
 .bss           0x000000008101a008        0x0 binaries/control.o
 .bss           0x000000008101a008        0x0 binaries/create.o
 .bss           0x000000008101a008        0x0 binaries/dequeueFut.o
 .bss           0x000000008101a008        0x0 binaries/enqueueFut.o
 .bss           0x000000008101a008        0x0 binaries/evec.o
 .bss           0x000000008101a008        0x0 binaries/exit.o
 .bss           0x000000008101a008        0x0 binaries/freebuf.o
 .bss           0x000000008101a008        0x0 binaries/freemem.o
 .bss           0x000000008101a008      0x260 binaries/fs.o
                0x000000008101a008                next_open_fd
 .bss           0x000000008101a268        0x0 binaries/future_alloc.o
 .bss           0x000000008101a268        0x0 binaries/future_free.o
 .bss           0x000000008101a268        0x0 binaries/future_get.o
 .bss           0x000000008101a268        0x0 binaries/future_set.o
 .bss           0x000000008101a268        0x0 binaries/getbuf.o
 .bss           0x000000008101a268        0x0 binaries/getc.o
 .bss           0x000000008101a268        0x0 binaries/getdev.o
 .bss           0x000000008101a268        0x0 binaries/getitem.o
 .bss           0x000000008101a268        0x0 binaries/getmem.o
 .bss           0x000000008101a268        0x0 binaries/getpid.o
 .bss           0x000000008101a268        0x0 binaries/getprio.o
 .bss           0x000000008101a268        0x0 binaries/getstk.o
 .bss           0x000000008101a268        0x0 binaries/gettime.o
 .bss           0x000000008101a268        0x0 binaries/getutime.o
 .bss           0x000000008101a268        0x0 binaries/init.o
 .bss           0x000000008101a268        0x0 binaries/initialize.o
 .bss           0x000000008101a268        0x0 binaries/insert.o
 .bss           0x000000008101a268        0x0 binaries/insertd.o
 .bss           0x000000008101a268        0x0 binaries/ioerr.o
 .bss           0x000000008101a268        0x0 binaries/ionull.o
 .bss           0x000000008101a268        0x0 binaries/kill.o
 .bss           0x000000008101a268        0x0 binaries/kprintf.o
 .bss           0x000000008101a268        0x0 binaries/main.o
 .bss           0x000000008101a268        0x0 binaries/mark.o
 .bss           0x000000008101a268        0x0 binaries/meminit.o
 .bss           0x000000008101a268        0x0 binaries/mkbufpool.o
 .bss           0x000000008101a268        0x0 binaries/new_getmem.o
 .bss           0x000000008101a268        0x0 binaries/new_getstk.o
 .bss           0x000000008101a268        0x0 binaries/newqueue.o
 .bss           0x000000008101a268        0x0 binaries/open.o
 .bss           0x000000008101a268        0x0 binaries/panic.o
 .bss           0x000000008101a268        0x0 binaries/platinit.o
 .bss           0x000000008101a268        0x0 binaries/ptclear.o
 .bss           0x000000008101a268        0x0 binaries/ptcount.o
 .bss           0x000000008101a268        0x0 binaries/ptcreate.o
 .bss           0x000000008101a268        0x0 binaries/ptdelete.o
 .bss           0x000000008101a268        0x0 binaries/ptinit.o
 .bss           0x000000008101a268        0x0 binaries/ptrecv.o
 .bss           0x000000008101a268        0x0 binaries/ptreset.o
 .bss           0x000000008101a268        0x0 binaries/ptsend.o
 .bss           0x000000008101a268        0x0 binaries/putc.o
 .bss           0x000000008101a268        0x0 binaries/queue.o
 .bss           0x000000008101a268        0x0 binaries/queue_init.o
 .bss           0x000000008101a268        0x0 binaries/read.o
 .bss           0x000000008101a268        0x0 binaries/ready.o
 .bss           0x000000008101a268        0x0 binaries/receive.o
 .bss           0x000000008101a268        0x0 binaries/recvclr.o
 .bss           0x000000008101a268        0x0 binaries/recvtime.o
 .bss           0x000000008101a268        0x0 binaries/resched.o
 .bss           0x000000008101a268        0x0 binaries/resume.o
 .bss           0x000000008101a268        0x0 binaries/seek.o
 .bss           0x000000008101a268        0x0 binaries/semcount.o
 .bss           0x000000008101a268        0x4 binaries/semcreate.o
 .bss           0x000000008101a26c        0x0 binaries/semdelete.o
 .bss           0x000000008101a26c        0x0 binaries/semreset.o
 .bss           0x000000008101a26c        0x0 binaries/send.o
 .bss           0x000000008101a26c        0x0 binaries/signal.o
 .bss           0x000000008101a26c        0x0 binaries/signaln.o
 .bss           0x000000008101a26c        0x0 binaries/sleep.o
 .bss           0x000000008101a26c        0x0 binaries/suspend.o
 .bss           0x000000008101a26c        0x0 binaries/traverse.o
 .bss           0x000000008101a26c        0x0 binaries/unsleep.o
 .bss           0x000000008101a26c        0x0 binaries/userret.o
 .bss           0x000000008101a26c        0x0 binaries/wait.o
 .bss           0x000000008101a26c        0x0 binaries/wakeup.o
 .bss           0x000000008101a26c        0x0 binaries/write.o
 .bss           0x000000008101a26c        0x0 binaries/xdone.o
 .bss           0x000000008101a26c        0x0 binaries/yield.o
 .bss           0x000000008101a26c        0x0 binaries/abs.o
 .bss           0x000000008101a26c        0x0 binaries/atoi.o
 .bss           0x000000008101a26c        0x0 binaries/atol.o
 .bss           0x000000008101a26c        0x0 binaries/bzero.o
 .bss           0x000000008101a26c        0x0 binaries/ctype_.o
 .bss           0x000000008101a26c        0x0 binaries/doprnt.o
 .bss           0x000000008101a26c        0x0 binaries/doscan.o
 .bss           0x000000008101a26c        0x0 binaries/fdoprnt.o
 .bss           0x000000008101a26c        0x0 binaries/fgetc.o
 .bss           0x000000008101a26c        0x0 binaries/fgets.o
 .bss           0x000000008101a26c        0x0 binaries/fprintf.o
 .bss           0x000000008101a26c        0x0 binaries/fputc.o
 .bss           0x000000008101a26c        0x0 binaries/fputs.o
 .bss           0x000000008101a26c        0x0 binaries/fscanf.o
 .bss           0x000000008101a26c        0x0 binaries/getchar.o
 .bss           0x000000008101a26c        0x0 binaries/labs.o
 .bss           0x000000008101a26c        0x0 binaries/memchr.o
 .bss           0x000000008101a26c        0x0 binaries/memcmp.o
 .bss           0x000000008101a26c        0x0 binaries/memcpy.o
 .bss           0x000000008101a26c        0x0 binaries/memset.o
 .bss           0x000000008101a26c        0x0 binaries/printf.o
 .bss           0x000000008101a26c        0x0 binaries/putchar.o
 .bss           0x000000008101a26c        0x8 binaries/qsort.o
 .bss           0x000000008101a274        0x0 binaries/rand.o
 .bss           0x000000008101a274        0x0 binaries/sprintf.o
 .bss           0x000000008101a274        0x0 binaries/sscanf.o
 .bss           0x000000008101a274        0x0 binaries/strchr.o
 .bss           0x000000008101a274        0x0 binaries/strcmp.o
 .bss           0x000000008101a274        0x0 binaries/strcpy.o
 .bss           0x000000008101a274        0x0 binaries/strlen.o
 .bss           0x000000008101a274        0x0 binaries/strncat.o
 .bss           0x000000008101a274        0x0 binaries/strncmp.o
 .bss           0x000000008101a274        0x0 binaries/strncpy.o
 .bss           0x000000008101a274        0x0 binaries/strnlen.o
 .bss           0x000000008101a274        0x0 binaries/strrchr.o
 .bss           0x000000008101a274        0x0 binaries/strstr.o
 .bss           0x000000008101a274        0x0 binaries/ttycontrol.o
 .bss           0x000000008101a274        0x0 binaries/ttygetc.o
 .bss           0x000000008101a274        0x0 binaries/ttyhandle_in.o
 .bss           0x000000008101a274        0x0 binaries/ttyhandle_out.o
 .bss           0x000000008101a274        0x0 binaries/ttyhandler.o
 .bss           0x000000008101a274        0x0 binaries/ttyinit.o
 .bss           0x000000008101a274        0x0 binaries/ttykickout.o
 .bss           0x000000008101a274        0x0 binaries/ttyputc.o
 .bss           0x000000008101a274        0x0 binaries/ttyread.o
 .bss           0x000000008101a274        0x0 binaries/ttywrite.o
 .bss           0x000000008101a274        0x0 binaries/mount.o
 .bss           0x000000008101a274        0x0 binaries/naminit.o
 .bss           0x000000008101a274        0x0 binaries/nammap.o
 .bss           0x000000008101a274        0x0 binaries/namopen.o
 .bss           0x000000008101a274        0x0 binaries/colon2mac.o
 .bss           0x000000008101a274        0x0 binaries/ethcontrol.o
 .bss           0x000000008101a274        0x0 binaries/ethhandler.o
 .bss           0x000000008101a274        0x0 binaries/ethinit.o
 .bss           0x000000008101a274        0x0 binaries/ethread.o
 .bss           0x000000008101a274        0x0 binaries/ethwrite.o
 .bss           0x000000008101a274        0x0 binaries/rdsbufalloc.o
 .bss           0x000000008101a274        0x0 binaries/rdsclose.o
 .bss           0x000000008101a274        0x0 binaries/rdscomm.o
 .bss           0x000000008101a274        0x0 binaries/rdscontrol.o
 .bss           0x000000008101a274        0x0 binaries/rdsinit.o
 .bss           0x000000008101a274        0x0 binaries/rdsopen.o
 .bss           0x000000008101a274        0x0 binaries/rdsprocess.o
[...]
 .ARM.attributes
                0x0000000000002884       0x35 binaries/icmp.o
 .ARM.attributes
                0x00000000000028b9       0x35 binaries/ip.o
 .ARM.attributes
                0x00000000000028ee       0x35 binaries/net.o
 .ARM.attributes
                0x0000000000002923       0x35 binaries/netstart.o
 .ARM.attributes
                0x0000000000002958       0x35 binaries/pdump.o
 .ARM.attributes
                0x000000000000298d       0x35 binaries/tftp.o
 .ARM.attributes
                0x00000000000029c2       0x35 binaries/udp.o
 .ARM.attributes
                0x00000000000029f7       0x35 binaries/addargs.o
 .ARM.attributes
                0x0000000000002a2c       0x35 binaries/lexan.o
 .ARM.attributes
                0x0000000000002a61       0x35 binaries/shell.o
 .ARM.attributes
                0x0000000000002a96       0x35 binaries/xsh_argecho.o
 .ARM.attributes
                0x0000000000002acb       0x35 binaries/xsh_arp.o
 .ARM.attributes
                0x0000000000002b00       0x35 binaries/xsh_cat.o
 .ARM.attributes
                0x0000000000002b35       0x35 binaries/xsh_chat.o
 .ARM.attributes
                0x0000000000002b6a       0x35 binaries/xsh_clear.o
 .ARM.attributes
                0x0000000000002b9f       0x35 binaries/xsh_date.o
 .ARM.attributes
                0x0000000000002bd4       0x35 binaries/xsh_devdump.o
 .ARM.attributes
                0x0000000000002c09       0x35 binaries/xsh_echo.o
 .ARM.attributes
                0x0000000000002c3e       0x35 binaries/xsh_exit.o
 .ARM.attributes
                0x0000000000002c73       0x35 binaries/xsh_fstest.o
 .ARM.attributes
                0x0000000000002ca8       0x35 binaries/xsh_hello.o
 .ARM.attributes
                0x0000000000002cdd       0x35 binaries/xsh_help.o
 .ARM.attributes
                0x0000000000002d12       0x35 binaries/xsh_ipaddr.o
 .ARM.attributes
                0x0000000000002d47       0x35 binaries/xsh_kill.o
 .ARM.attributes
                0x0000000000002d7c       0x35 binaries/xsh_led.o
 .ARM.attributes
                0x0000000000002db1       0x35 binaries/xsh_memcmp.o
 .ARM.attributes
                0x0000000000002de6       0x35 binaries/xsh_memdump.o
 .ARM.attributes
                0x0000000000002e1b       0x35 binaries/xsh_memstat.o
 .ARM.attributes
                0x0000000000002e50       0x35 binaries/xsh_ping.o
 .ARM.attributes
                0x0000000000002e85       0x35 binaries/xsh_prodcons.o
 .ARM.attributes
                0x0000000000002eba       0x35 binaries/xsh_ps.o
 .ARM.attributes
                0x0000000000002eef       0x35 binaries/xsh_reset.o
 .ARM.attributes
                0x0000000000002f24       0x35 binaries/xsh_sleep.o
 .ARM.attributes
                0x0000000000002f59       0x35 binaries/xsh_traversal.o
 .ARM.attributes
                0x0000000000002f8e       0x35 binaries/xsh_udpclient.o
 .ARM.attributes
                0x0000000000002fc3       0x35 binaries/xsh_udpdump.o
 .ARM.attributes
                0x0000000000002ff8       0x35 binaries/xsh_udpecho.o
 .ARM.attributes
                0x000000000000302d       0x35 binaries/xsh_udpeserver.o
 .ARM.attributes
                0x0000000000003062       0x35 binaries/xsh_uptime.o
 .ARM.attributes
                0x0000000000003097       0x35 binaries/consumer.o
 .ARM.attributes
                0x00000000000030cc       0x35 binaries/future_cons.o
 .ARM.attributes
                0x0000000000003101       0x35 binaries/future_prod.o
 .ARM.attributes
                0x0000000000003136       0x35 binaries/producer.o
 .ARM.attributes
                0x000000000000316b       0x25 binaries/ctxsw.o
 .ARM.attributes
                0x0000000000003190       0x25 binaries/intr.o
 .ARM.attributes
                0x00000000000031b5       0x18 /usr/lib/gcc/arm-none-eabi/4.9.3/libgcc.a(_udivsi3.o)
 .ARM.attributes
                0x00000000000031cd       0x18 /usr/lib/gcc/arm-none-eabi/4.9.3/libgcc.a(_divsi3.o)
 .ARM.attributes
                0x00000000000031e5       0x18 /usr/lib/gcc/arm-none-eabi/4.9.3/libgcc.a(_dvmd_tls.o)

.comment        0x0000000000000000       0x70
 .comment       0x0000000000000000       0x70 binaries/ascdate.o
                                         0x71 (size before relaxing)
 .comment       0x0000000000000000       0x71 binaries/bs.o
 .comment       0x0000000000000000       0x71 binaries/bufinit.o
 .comment       0x0000000000000000       0x71 binaries/chprio.o
 .comment       0x0000000000000000       0x71 binaries/clkhandler.o
 .comment       0x0000000000000000       0x71 binaries/clkinit.o
 .comment       0x0000000000000000       0x71 binaries/close.o
 .comment       0x0000000000000000       0x71 binaries/conf.o
 .comment       0x0000000000000000       0x71 binaries/control.o
 .comment       0x0000000000000000       0x71 binaries/create.o
 .comment       0x0000000000000000       0x71 binaries/dequeueFut.o
 .comment       0x0000000000000000       0x71 binaries/enqueueFut.o
 .comment       0x0000000000000000       0x71 binaries/evec.o
 .comment       0x0000000000000000       0x71 binaries/exit.o
 .comment       0x0000000000000000       0x71 binaries/freebuf.o
 .comment       0x0000000000000000       0x71 binaries/freemem.o
 .comment       0x0000000000000000       0x71 binaries/fs.o
 .comment       0x0000000000000000       0x71 binaries/future_alloc.o
 .comment       0x0000000000000000       0x71 binaries/future_free.o
 .comment       0x0000000000000000       0x71 binaries/future_get.o
 .comment       0x0000000000000000       0x71 binaries/future_set.o
 .comment       0x0000000000000000       0x71 binaries/getbuf.o
 .comment       0x0000000000000000       0x71 binaries/getc.o
 .comment       0x0000000000000000       0x71 binaries/getdev.o
 .comment       0x0000000000000000       0x71 binaries/getitem.o
 .comment       0x0000000000000000       0x71 binaries/getmem.o
 .comment       0x0000000000000000       0x71 binaries/getpid.o
 .comment       0x0000000000000000       0x71 binaries/getprio.o
 .comment       0x0000000000000000       0x71 binaries/getstk.o
 .comment       0x0000000000000000       0x71 binaries/gettime.o
 .comment       0x0000000000000000       0x71 binaries/getutime.o
 .comment       0x0000000000000000       0x71 binaries/init.o
 .comment       0x0000000000000000       0x71 binaries/initialize.o
 .comment       0x0000000000000000       0x71 binaries/insert.o
 .comment       0x0000000000000000       0x71 binaries/insertd.o
 .comment       0x0000000000000000       0x71 binaries/ioerr.o
 .comment       0x0000000000000000       0x71 binaries/ionull.o
 .comment       0x0000000000000000       0x71 binaries/kill.o
 .comment       0x0000000000000000       0x71 binaries/kprintf.o
 .comment       0x0000000000000000       0x71 binaries/main.o
 .comment       0x0000000000000000       0x71 binaries/mark.o
 .comment       0x0000000000000000       0x71 binaries/meminit.o
 .comment       0x0000000000000000       0x71 binaries/mkbufpool.o
 .comment       0x0000000000000000       0x71 binaries/new_getmem.o
 .comment       0x0000000000000000       0x71 binaries/new_getstk.o
 .comment       0x0000000000000000       0x71 binaries/newqueue.o
 .comment       0x0000000000000000       0x71 binaries/open.o
 .comment       0x0000000000000000       0x71 binaries/panic.o
 .comment       0x0000000000000000       0x71 binaries/platinit.o
 .comment       0x0000000000000000       0x71 binaries/ptclear.o
 .comment       0x0000000000000000       0x71 binaries/ptcount.o
 .comment       0x0000000000000000       0x71 binaries/ptcreate.o
 .comment       0x0000000000000000       0x71 binaries/ptdelete.o
 .comment       0x0000000000000000       0x71 binaries/ptinit.o
 .comment       0x0000000000000000       0x71 binaries/ptrecv.o
 .comment       0x0000000000000000       0x71 binaries/ptreset.o
 .comment       0x0000000000000000       0x71 binaries/ptsend.o
 .comment       0x0000000000000000       0x71 binaries/putc.o
 .comment       0x0000000000000000       0x71 binaries/queue.o
 .comment       0x0000000000000000       0x71 binaries/queue_init.o
 .comment       0x0000000000000000       0x71 binaries/read.o
 .comment       0x0000000000000000       0x71 binaries/ready.o
 .comment       0x0000000000000000       0x71 binaries/receive.o
 .comment       0x0000000000000000       0x71 binaries/recvclr.o
 .comment       0x0000000000000000       0x71 binaries/recvtime.o
 .comment       0x0000000000000000       0x71 binaries/resched.o
 .comment       0x0000000000000000       0x71 binaries/resume.o
 .comment       0x0000000000000000       0x71 binaries/seek.o
 .comment       0x0000000000000000       0x71 binaries/semcount.o
 .comment       0x0000000000000000       0x71 binaries/semcreate.o
 .comment       0x0000000000000000       0x71 binaries/semdelete.o
 .comment       0x0000000000000000       0x71 binaries/semreset.o
 .comment       0x0000000000000000       0x71 binaries/send.o
 .comment       0x0000000000000000       0x71 binaries/signal.o
 .comment       0x0000000000000000       0x71 binaries/signaln.o
 .comment       0x0000000000000000       0x71 binaries/sleep.o
 .comment       0x0000000000000000       0x71 binaries/suspend.o
 .comment       0x0000000000000000       0x71 binaries/traverse.o
 .comment       0x0000000000000000       0x71 binaries/unsleep.o
 .comment       0x0000000000000000       0x71 binaries/userret.o
 .comment       0x0000000000000000       0x71 binaries/wait.o
 .comment       0x0000000000000000       0x71 binaries/wakeup.o
 .comment       0x0000000000000000       0x71 binaries/write.o
 .comment       0x0000000000000000       0x71 binaries/xdone.o
 .comment       0x0000000000000000       0x71 binaries/yield.o
 .comment       0x0000000000000000       0x71 binaries/abs.o
 .comment       0x0000000000000000       0x71 binaries/atoi.o
 .comment       0x0000000000000000       0x71 binaries/atol.o
 .comment       0x0000000000000000       0x71 binaries/bzero.o
 .comment       0x0000000000000000       0x71 binaries/ctype_.o
 .comment       0x0000000000000000       0x71 binaries/doprnt.o
 .comment       0x0000000000000000       0x71 binaries/doscan.o
 .comment       0x0000000000000000       0x71 binaries/fdoprnt.o
 .comment       0x0000000000000000       0x71 binaries/fgetc.o
 .comment       0x0000000000000000       0x71 binaries/fgets.o
 .comment       0x0000000000000000       0x71 binaries/fprintf.o
 .comment       0x0000000000000000       0x71 binaries/fputc.o
 .comment       0x0000000000000000       0x71 binaries/fputs.o
 .comment       0x0000000000000000       0x71 binaries/fscanf.o
 .comment       0x0000000000000000       0x71 binaries/getchar.o
 .comment       0x0000000000000000       0x71 binaries/labs.o
 .comment       0x0000000000000000       0x71 binaries/memchr.o
 .comment       0x0000000000000000       0x71 binaries/memcmp.o
 .comment       0x0000000000000000       0x71 binaries/memcpy.o
 .comment       0x0000000000000000       0x71 binaries/memset.o
 .comment       0x0000000000000000       0x71 binaries/printf.o
 .comment       0x0000000000000000       0x71 binaries/putchar.o
 .comment       0x0000000000000000       0x71 binaries/qsort.o
 .comment       0x0000000000000000       0x71 binaries/rand.o
 .comment       0x0000000000000000       0x71 binaries/sprintf.o
 .comment       0x0000000000000000       0x71 binaries/sscanf.o
 .comment       0x0000000000000000       0x71 binaries/strchr.o
 .comment       0x0000000000000000       0x71 binaries/strcmp.o
 .comment       0x0000000000000000       0x71 binaries/strcpy.o
 .comment       0x0000000000000000       0x71 binaries/strlen.o
 .comment       0x0000000000000000       0x71 binaries/strncat.o
 .comment       0x0000000000000000       0x71 binaries/strncmp.o
 .comment       0x0000000000000000       0x71 binaries/strncpy.o
 .comment       0x0000000000000000       0x71 binaries/strnlen.o
 .comment       0x0000000000000000       0x71 binaries/strrchr.o
 .comment       0x0000000000000000       0x71 binaries/strstr.o
 .comment       0x0000000000000000       0x71 binaries/ttycontrol.o
 .comment       0x0000000000000000       0x71 binaries/ttygetc.o
 .comment       0x0000000000000000       0x71 binaries/ttyhandle_in.o
 .comment       0x0000000000000000       0x71 binaries/ttyhandle_out.o
 .comment       0x0000000000000000       0x71 binaries/ttyhandler.o
 .comment       0x0000000000000000       0x71 binaries/ttyinit.o
 .comment       0x0000000000000000       0x71 binaries/ttykickout.o
 .comment       0x0000000000000000       0x71 binaries/ttyputc.o
 .comment       0x0000000000000000       0x71 binaries/ttyread.o
 .comment       0x0000000000000000       0x71 binaries/ttywrite.o
 .comment       0x0000000000000000       0x71 binaries/mount.o
 .comment       0x0000000000000000       0x71 binaries/naminit.o
 .comment       0x0000000000000000       0x71 binaries/nammap.o
 .comment       0x0000000000000000       0x71 binaries/namopen.o
 .comment       0x0000000000000000       0x71 binaries/colon2mac.o
 .comment       0x0000000000000000       0x71 binaries/ethcontrol.o
 .comment       0x0000000000000000       0x71 binaries/ethhandler.o
 .comment       0x0000000000000000       0x71 binaries/ethinit.o
 .comment       0x0000000000000000       0x71 binaries/ethread.o
 .comment       0x0000000000000000       0x71 binaries/ethwrite.o
 .comment       0x0000000000000000       0x71 binaries/rdsbufalloc.o
 .comment       0x0000000000000000       0x71 binaries/rdsclose.o
 .comment       0x0000000000000000       0x71 binaries/rdscomm.o
 .comment       0x0000000000000000       0x71 binaries/rdscontrol.o
 .comment       0x0000000000000000       0x71 binaries/rdsinit.o
 .comment       0x0000000000000000       0x71 binaries/rdsopen.o
 .comment       0x0000000000000000       0x71 binaries/rdsprocess.o
 .comment       0x0000000000000000       0x71 binaries/rdsread.o
 .comment       0x0000000000000000       0x71 binaries/rdswrite.o
 .comment       0x0000000000000000       0x71 binaries/ramclose.o
 .comment       0x0000000000000000       0x71 binaries/raminit.o
 .comment       0x0000000000000000       0x71 binaries/ramopen.o
 .comment       0x0000000000000000       0x71 binaries/ramread.o
 .comment       0x0000000000000000       0x71 binaries/ramwrite.o
 .comment       0x0000000000000000       0x71 binaries/lfdballoc.o
 .comment       0x0000000000000000       0x71 binaries/lfdbfree.o
 .comment       0x0000000000000000       0x71 binaries/lfflush.o
 .comment       0x0000000000000000       0x71 binaries/lfgetmode.o
 .comment       0x0000000000000000       0x71 binaries/lfiballoc.o
 .comment       0x0000000000000000       0x71 binaries/lfibclear.o
 .comment       0x0000000000000000       0x71 binaries/lfibget.o
 .comment       0x0000000000000000       0x71 binaries/lfibput.o
 .comment       0x0000000000000000       0x71 binaries/lflclose.o
 .comment       0x0000000000000000       0x71 binaries/lflcontrol.o
 .comment       0x0000000000000000       0x71 binaries/lflgetc.o
 .comment       0x0000000000000000       0x71 binaries/lflinit.o
 .comment       0x0000000000000000       0x71 binaries/lflputc.o
 .comment       0x0000000000000000       0x71 binaries/lflread.o
 .comment       0x0000000000000000       0x71 binaries/lflseek.o
 .comment       0x0000000000000000       0x71 binaries/lflwrite.o
 .comment       0x0000000000000000       0x71 binaries/lfsckfmt.o
 .comment       0x0000000000000000       0x71 binaries/lfscreate.o
 .comment       0x0000000000000000       0x71 binaries/lfsetup.o
 .comment       0x0000000000000000       0x71 binaries/lfsinit.o
 .comment       0x0000000000000000       0x71 binaries/lfsopen.o
 .comment       0x0000000000000000       0x71 binaries/lftruncate.o
 .comment       0x0000000000000000       0x71 binaries/rflclose.o
 .comment       0x0000000000000000       0x71 binaries/rflgetc.o
 .comment       0x0000000000000000       0x71 binaries/rflinit.o
 .comment       0x0000000000000000       0x71 binaries/rflputc.o
 .comment       0x0000000000000000       0x71 binaries/rflread.o
 .comment       0x0000000000000000       0x71 binaries/rflseek.o
 .comment       0x0000000000000000       0x71 binaries/rflwrite.o
 .comment       0x0000000000000000       0x71 binaries/rfscomm.o
 .comment       0x0000000000000000       0x71 binaries/rfscontrol.o
 .comment       0x0000000000000000       0x71 binaries/rfsgetmode.o
 .comment       0x0000000000000000       0x71 binaries/rfsinit.o
 .comment       0x0000000000000000       0x71 binaries/rfsndmsg.o
 .comment       0x0000000000000000       0x71 binaries/rfsopen.o
 .comment       0x0000000000000000       0x71 binaries/arp.o
 .comment       0x0000000000000000       0x71 binaries/dhcp.o
 .comment       0x0000000000000000       0x71 binaries/dns.o
 .comment       0x0000000000000000       0x71 binaries/dot2ip.o
 .comment       0x0000000000000000       0x71 binaries/hexdump.o
 .comment       0x0000000000000000       0x71 binaries/icmp.o
 .comment       0x0000000000000000       0x71 binaries/ip.o
 .comment       0x0000000000000000       0x71 binaries/net.o
 .comment       0x0000000000000000       0x71 binaries/netstart.o
 .comment       0x0000000000000000       0x71 binaries/pdump.o
 .comment       0x0000000000000000       0x71 binaries/tftp.o
 .comment       0x0000000000000000       0x71 binaries/udp.o
 .comment       0x0000000000000000       0x71 binaries/addargs.o
 .comment       0x0000000000000000       0x71 binaries/lexan.o
 .comment       0x0000000000000000       0x71 binaries/shell.o
 .comment       0x0000000000000000       0x71 binaries/xsh_argecho.o
 .comment       0x0000000000000000       0x71 binaries/xsh_arp.o
 .comment       0x0000000000000000       0x71 binaries/xsh_cat.o
 .comment       0x0000000000000000       0x71 binaries/xsh_chat.o
 .comment       0x0000000000000000       0x71 binaries/xsh_clear.o
 .comment       0x0000000000000000       0x71 binaries/xsh_date.o
 .comment       0x0000000000000000       0x71 binaries/xsh_devdump.o
 .comment       0x0000000000000000       0x71 binaries/xsh_echo.o
 .comment       0x0000000000000000       0x71 binaries/xsh_exit.o
 .comment       0x0000000000000000       0x71 binaries/xsh_fstest.o
 .comment       0x0000000000000000       0x71 binaries/xsh_hello.o
 .comment       0x0000000000000000       0x71 binaries/xsh_help.o
 .comment       0x0000000000000000       0x71 binaries/xsh_ipaddr.o
 .comment       0x0000000000000000       0x71 binaries/xsh_kill.o
 .comment       0x0000000000000000       0x71 binaries/xsh_led.o
 .comment       0x0000000000000000       0x71 binaries/xsh_memcmp.o
 .comment       0x0000000000000000       0x71 binaries/xsh_memdump.o
 .comment       0x0000000000000000       0x71 binaries/xsh_memstat.o
 .comment       0x0000000000000000       0x71 binaries/xsh_ping.o
 .comment       0x0000000000000000       0x71 binaries/xsh_prodcons.o
 .comment       0x0000000000000000       0x71 binaries/xsh_ps.o
 .comment       0x0000000000000000       0x71 binaries/xsh_reset.o
 .comment       0x0000000000000000       0x71 binaries/xsh_sleep.o
 .comment       0x0000000000000000       0x71 binaries/xsh_traversal.o
 .comment       0x0000000000000000       0x71 binaries/xsh_udpclient.o
 .comment       0x0000000000000000       0x71 binaries/xsh_udpdump.o
 .comment       0x0000000000000000       0x71 binaries/xsh_udpecho.o
 .comment       0x0000000000000000       0x71 binaries/xsh_udpeserver.o
 .comment       0x0000000000000000       0x71 binaries/xsh_uptime.o
 .comment       0x0000000000000000       0x71 binaries/consumer.o
 .comment       0x0000000000000000       0x71 binaries/future_cons.o
 .comment       0x0000000000000000       0x71 binaries/future_prod.o
 .comment       0x0000000000000000       0x71 binaries/producer.o

.debug_frame    0x0000000000000000       0x40
 .debug_frame   0x0000000000000000       0x20 /usr/lib/gcc/arm-none-eabi/4.9.3/libgcc.a(_udivsi3.o)
 .debug_frame   0x0000000000000020       0x20 /usr/lib/gcc/arm-none-eabi/4.9.3/libgcc.a(_divsi3.o)
